15:46:02 **** Incremental Build of configuration Debug for project Pj_0_Timer3_app ****
make all 
make --no-print-directory pre-build
a9-linaro-pre-build-step
' '
make --no-print-directory main-build
'Building file: ../src/lab3_main.c'
'Invoking: ARM v7 gcc compiler'
arm-none-eabi-gcc -Wall -O0 -g3 -c -fmessage-length=0 -MT"src/lab3_main.o" -mcpu=cortex-a9 -mfpu=vfpv3 -mfloat-abi=hard -IC:/Users/Chajunwon/FPGA_Ex/Project_0_Watch/Pj_0_Timer3/Pj_0_Timer3_vitis/design_1_wrapper/export/design_1_wrapper/sw/design_1_wrapper/standalone_ps7_cortexa9_0/bspinclude/include -MMD -MP -MF"src/lab3_main.d" -MT"src/lab3_main.o" -o "src/lab3_main.o" "../src/lab3_main.c"
../src/lab3_main.c: In function 'main':
../src/lab3_main.c:34:17: warning: implicit declaration of function 'usleep' [-Wimplicit-function-declaration]
   34 |                 usleep(10000);
      |                 ^~~~~~
'Finished building: ../src/lab3_main.c'
' '
'Building target: Pj_0_Timer3_app.elf'
'Invoking: ARM v7 gcc linker'
arm-none-eabi-gcc -mcpu=cortex-a9 -mfpu=vfpv3 -mfloat-abi=hard -Wl,-build-id=none -specs=Xilinx.spec -Wl,-T -Wl,../src/lscript.ld -LC:/Users/Chajunwon/FPGA_Ex/Project_0_Watch/Pj_0_Timer3/Pj_0_Timer3_vitis/design_1_wrapper/export/design_1_wrapper/sw/design_1_wrapper/standalone_ps7_cortexa9_0/bsplib/lib -o "Pj_0_Timer3_app.elf"  ./src/lab3_main.o   -Wl,--start-group,-lxil,-lgcc,-lc,--end-group
'Finished building target: Pj_0_Timer3_app.elf'
' '
'Invoking: ARM v7 Print Size'
arm-none-eabi-size Pj_0_Timer3_app.elf  |tee "Pj_0_Timer3_app.elf.size"
   text	   data	    bss	    dec	    hex	filename
  77378	   2550	 268400	 348328	  550a8	Pj_0_Timer3_app.elf
'Finished building: Pj_0_Timer3_app.elf.size'
' '

15:46:08 Build Finished (took 6s.658ms)

